0:Task1(25),Waiting:empty
1:Task1(24),Waiting:empty
2:Task1(23),Waiting:empty
3:Task2(16),Waiting:Task1(22)
4:Task1(22),Waiting:Task2(15)
5:Task2(15),Waiting:Task3(9),Task1(21)
6:Task3(9),Waiting:Task1(21),Task4(25),Task2(14)
7:Task1(21),Waiting:Task4(25),Task2(14),Task3(8)
8:Task4(25),Waiting:Task2(14),Task3(8),Task1(20)
9:Task2(14),Waiting:Task3(8),Task1(20),Task4(24)
10:Task3(8),Waiting:Task1(20),Task4(24),Task2(13)
11:Task1(20),Waiting:Task4(24),Task2(13),Task3(7)
12:Task4(24),Waiting:Task2(13),Task3(7),Task1(19)
13:Task2(13),Waiting:Task3(7),Task1(19),Task4(23)
14:Task3(7),Waiting:Task1(19),Task4(23),Task2(12)
15:Task1(19),Waiting:Task4(23),Task2(12),Task3(6)
16:Task4(23),Waiting:Task2(12),Task3(6),Task1(18)
17:Task2(12),Waiting:Task3(6),Task1(18),Task4(22)
18:Task3(6),Waiting:Task1(18),Task4(22),Task2(11)
19:Task1(18),Waiting:Task4(22),Task2(11),Task3(5)
20:Task4(22),Waiting:Task2(11),Task3(5),Task1(17)
21:Task2(11),Waiting:Task3(5),Task1(17),Task4(21)
22:Task3(5),Waiting:Task1(17),Task4(21),Task2(10)
23:Task1(17),Waiting:Task4(21),Task2(10),Task3(4)
24:Task4(21),Waiting:Task2(10),Task3(4),Task1(16)
25:Task2(10),Waiting:Task3(4),Task1(16),Task4(20)
26:Task3(4),Waiting:Task1(16),Task4(20),Task2(9)
27:Task1(16),Waiting:Task4(20),Task2(9),Task3(3)
28:Task4(20),Waiting:Task2(9),Task3(3),Task1(15)
29:Task2(9),Waiting:Task3(3),Task1(15),Task4(19)
30:Task3(3),Waiting:Task1(15),Task4(19),Task2(8)
31:Task1(15),Waiting:Task4(19),Task2(8),Task3(2)
32:Task4(19),Waiting:Task2(8),Task3(2),Task1(14)
33:Task2(8),Waiting:Task3(2),Task1(14),Task4(18)
34:Task3(2),Waiting:Task1(14),Task4(18),Task2(7)
35:Task1(14),Waiting:Task4(18),Task2(7),Task3(1)
36:Task4(18),Waiting:Task2(7),Task3(1),Task1(13)
37:Task2(7),Waiting:Task3(1),Task1(13),Task4(17)
38:Task3(1),Waiting:Task1(13),Task4(17),Task2(6)
39:Task1(13),Waiting:Task4(17),Task2(6)
40:Task4(17),Waiting:Task2(6),Task1(12)
41:Task2(6),Waiting:Task1(12),Task4(16)
42:Task1(12),Waiting:Task4(16),Task2(5)
43:Task4(16),Waiting:Task2(5),Task1(11)
44:Task2(5),Waiting:Task1(11),Task4(15)
45:Task1(11),Waiting:Task4(15),Task2(4)
46:Task4(15),Waiting:Task2(4),Task1(10)
47:Task2(4),Waiting:Task1(10),Task4(14)
48:Task1(10),Waiting:Task4(14),Task2(3)
49:Task4(14),Waiting:Task2(3),Task1(9)
50:Task2(3),Waiting:Task1(9),Task4(13)
51:Task1(9),Waiting:Task4(13),Task2(2)
52:Task4(13),Waiting:Task2(2),Task1(8)
53:Task2(2),Waiting:Task1(8),Task4(12)
54:Task1(8),Waiting:Task4(12),Task2(1)
55:Task4(12),Waiting:Task2(1),Task1(7)
56:Task2(1),Waiting:Task1(7),Task4(11)
57:Task1(7),Waiting:Task4(11)
58:Task4(11),Waiting:Task1(6)
59:Task1(6),Waiting:Task4(10)
60:Task4(10),Waiting:Task1(5)
61:Task1(5),Waiting:Task4(9)
62:Task4(9),Waiting:Task1(4)
63:Task1(4),Waiting:Task4(8)
64:Task4(8),Waiting:Task1(3)
65:Task1(3),Waiting:Task4(7)
66:Task4(7),Waiting:Task1(2)
67:Task1(2),Waiting:Task4(6)
68:Task4(6),Waiting:Task1(1)
69:Task1(1),Waiting:Task4(5)
70:Task4(5),Waiting:empty
71:Task4(4),Waiting:empty
72:Task4(3),Waiting:empty
73:Task4(2),Waiting:empty
74:Task4(1),Waiting:empty