0:Task1(5),Waiting:empty
1:Task1(4),Waiting:empty
2:Task1(3),Waiting:empty
3:Task2(4),Waiting:Task1(2)
4:Task1(2),Waiting:Task2(3)
5:Task2(3),Waiting:Task3(3),Task1(1)
6:Task3(3),Waiting:Task1(1),Task4(5),Task2(2)
7:Task1(1),Waiting:Task4(5),Task2(2),Task3(2)
8:Task4(5),Waiting:Task2(2),Task3(2)
9:Task2(2),Waiting:Task3(2),Task4(4)
10:Task3(2),Waiting:Task4(4),Task2(1)
11:Task4(4),Waiting:Task2(1),Task3(1)
12:Task2(1),Waiting:Task3(1),Task4(3)
13:Task3(1),Waiting:Task4(3)
14:Task4(3),Waiting:empty
15:Task4(2),Waiting:empty
16:Task4(1),Waiting:empty