0:Task1(5),Waiting:empty
1:Task1(4),Waiting:empty
2:Task1(3),Waiting:empty
3:Task1(2),Waiting:Task2(4)
4:Task1(1),Waiting:Task2(4)
5:Task3(3),Waiting:Task2(4)
6:Task3(2),Waiting:Task4(5),Task2(4)
7:Task3(1),Waiting:Task4(5),Task2(4)
8:Task4(5),Waiting:Task2(4)
9:Task4(4),Waiting:Task2(4)
10:Task4(3),Waiting:Task2(4)
11:Task4(2),Waiting:Task2(4)
12:Task4(1),Waiting:Task2(4)
13:Task2(4),Waiting:empty
14:Task2(3),Waiting:empty
15:Task2(2),Waiting:empty
16:Task2(1),Waiting:empty