0:Task1(5),Waiting:empty
1:Task1(4),Waiting:empty
2:Task1(3),Waiting:empty
3:Task1(2),Waiting:Task2(4)
4:Task1(1),Waiting:Task2(4)
5:Task3(9),Waiting:Task2(4)
6:Task3(8),Waiting:Task4(25),Task2(4)
7:Task3(7),Waiting:Task4(25),Task2(4)
8:Task3(6),Waiting:Task4(25),Task2(4)
9:Task3(5),Waiting:Task4(25),Task2(4)
10:Task3(4),Waiting:Task4(25),Task2(4)
11:Task3(3),Waiting:Task4(25),Task2(4)
12:Task3(2),Waiting:Task4(25),Task2(4)
13:Task3(1),Waiting:Task4(25),Task2(4)
14:Task4(25),Waiting:Task2(4)
15:Task4(24),Waiting:Task2(4)
16:Task4(23),Waiting:Task2(4)
17:Task4(22),Waiting:Task2(4)
18:Task4(21),Waiting:Task2(4)
19:Task4(20),Waiting:Task2(4)
20:Task4(19),Waiting:Task2(4)
21:Task4(18),Waiting:Task2(4)
22:Task4(17),Waiting:Task2(4)
23:Task4(16),Waiting:Task2(4)
24:Task4(15),Waiting:Task2(4)
25:Task4(14),Waiting:Task2(4)
26:Task4(13),Waiting:Task2(4)
27:Task4(12),Waiting:Task2(4)
28:Task4(11),Waiting:Task2(4)
29:Task4(10),Waiting:Task2(4)
30:Task4(9),Waiting:Task2(4)
31:Task4(8),Waiting:Task2(4)
32:Task4(7),Waiting:Task2(4)
33:Task4(6),Waiting:Task2(4)
34:Task4(5),Waiting:Task2(4)
35:Task4(4),Waiting:Task2(4)
36:Task4(3),Waiting:Task2(4)
37:Task4(2),Waiting:Task2(4)
38:Task4(1),Waiting:Task2(4)
39:Task2(4),Waiting:empty
40:Task2(3),Waiting:empty
41:Task2(2),Waiting:empty
42:Task2(1),Waiting:empty