0:Task1(25),Waiting:empty
1:Task1(24),Waiting:empty
2:Task1(23),Waiting:empty
3:Task1(22),Waiting:Task2(16)
4:Task1(21),Waiting:Task2(16)
5:Task1(20),Waiting:Task3(9),Task2(16)
6:Task1(19),Waiting:Task4(25),Task3(9),Task2(16)
7:Task1(18),Waiting:Task4(25),Task3(9),Task2(16)
8:Task1(17),Waiting:Task4(25),Task3(9),Task2(16)
9:Task1(16),Waiting:Task4(25),Task3(9),Task2(16)
10:Task1(15),Waiting:Task4(25),Task3(9),Task2(16)
11:Task1(14),Waiting:Task4(25),Task3(9),Task2(16)
12:Task1(13),Waiting:Task4(25),Task3(9),Task2(16)
13:Task1(12),Waiting:Task4(25),Task3(9),Task2(16)
14:Task1(11),Waiting:Task4(25),Task3(9),Task2(16)
15:Task1(10),Waiting:Task4(25),Task3(9),Task2(16)
16:Task1(9),Waiting:Task4(25),Task3(9),Task2(16)
17:Task1(8),Waiting:Task4(25),Task3(9),Task2(16)
18:Task1(7),Waiting:Task4(25),Task3(9),Task2(16)
19:Task1(6),Waiting:Task4(25),Task3(9),Task2(16)
20:Task1(5),Waiting:Task4(25),Task3(9),Task2(16)
21:Task1(4),Waiting:Task4(25),Task3(9),Task2(16)
22:Task1(3),Waiting:Task4(25),Task3(9),Task2(16)
23:Task1(2),Waiting:Task4(25),Task3(9),Task2(16)
24:Task1(1),Waiting:Task4(25),Task3(9),Task2(16)
25:Task4(25),Waiting:Task3(9),Task2(16)
26:Task4(24),Waiting:Task3(9),Task2(16)
27:Task4(23),Waiting:Task3(9),Task2(16)
28:Task4(22),Waiting:Task3(9),Task2(16)
29:Task4(21),Waiting:Task3(9),Task2(16)
30:Task4(20),Waiting:Task3(9),Task2(16)
31:Task4(19),Waiting:Task3(9),Task2(16)
32:Task4(18),Waiting:Task3(9),Task2(16)
33:Task4(17),Waiting:Task3(9),Task2(16)
34:Task4(16),Waiting:Task3(9),Task2(16)
35:Task4(15),Waiting:Task3(9),Task2(16)
36:Task4(14),Waiting:Task3(9),Task2(16)
37:Task4(13),Waiting:Task3(9),Task2(16)
38:Task4(12),Waiting:Task3(9),Task2(16)
39:Task4(11),Waiting:Task3(9),Task2(16)
40:Task4(10),Waiting:Task3(9),Task2(16)
41:Task4(9),Waiting:Task3(9),Task2(16)
42:Task4(8),Waiting:Task3(9),Task2(16)
43:Task4(7),Waiting:Task3(9),Task2(16)
44:Task4(6),Waiting:Task3(9),Task2(16)
45:Task4(5),Waiting:Task3(9),Task2(16)
46:Task4(4),Waiting:Task3(9),Task2(16)
47:Task4(3),Waiting:Task3(9),Task2(16)
48:Task4(2),Waiting:Task3(9),Task2(16)
49:Task4(1),Waiting:Task3(9),Task2(16)
50:Task3(9),Waiting:Task2(16)
51:Task3(8),Waiting:Task2(16)
52:Task3(7),Waiting:Task2(16)
53:Task3(6),Waiting:Task2(16)
54:Task3(5),Waiting:Task2(16)
55:Task3(4),Waiting:Task2(16)
56:Task3(3),Waiting:Task2(16)
57:Task3(2),Waiting:Task2(16)
58:Task3(1),Waiting:Task2(16)
59:Task2(16),Waiting:empty
60:Task2(15),Waiting:empty
61:Task2(14),Waiting:empty
62:Task2(13),Waiting:empty
63:Task2(12),Waiting:empty
64:Task2(11),Waiting:empty
65:Task2(10),Waiting:empty
66:Task2(9),Waiting:empty
67:Task2(8),Waiting:empty
68:Task2(7),Waiting:empty
69:Task2(6),Waiting:empty
70:Task2(5),Waiting:empty
71:Task2(4),Waiting:empty
72:Task2(3),Waiting:empty
73:Task2(2),Waiting:empty
74:Task2(1),Waiting:empty