$> tuple = new NaturalNumberTuple(new int[] {1,2,3,4,5})
$> tuple.insert(2)
1,2,3,2,4,5,2
$> tuple
1,2,3,2,4,5
$> tuple.remove(3)
1,2,2,4,5
$> tuple
1,2,3,2,4,5
$> tuple.swap(0, 1)
2,1,3,2,4,5
$> tuple
1,2,3,2,4,5
$> tuple.toSet()
1,2,3,4,5
$> tuple
1,2,3,2,4,5