$> tuple = new NaturalNumberTuple(new int[] {1,2,3,4,5})
$> origin = new NaturalNumberTuple(new int[] {1,2,3,4,5})
$> tuple.equals(origin)
true
$> tuple = tuple.swap(0,4)
5,2,3,4,1
$> tuple.equals(origin)
false
$> tuple = tuple.swap(0,4)
1,2,3,4,5
$> tuple.equals(origin)
true
$> tuple = tuple.insert(1)
1,2,3,4,5,1
$> tuple.equals(origin)
false
$> tuple = tuple.remove(1)
2,3,4,5
$> tuple.equals(origin)
false
$> tuple = tuple.insert(1)
2,3,4,5,1
$> tuple.equals(origin)
false