$> tuple = new NaturalNumberTuple(new int[] {1,2,3,4,5})
$> tuple.min()
1
$> tuple.max()
5
$> tuple = tuple.insert(10).remove(1)
2,3,4,5,10
$> tuple.min()
2
$> tuple.max()
10
$> tuple = tuple.insert(7).remove(4)
2,3,5,10,7
$> tuple.min()
2
$> tuple.max()
10
$> tuple = tuple.insert(Integer.MAX_VALUE).insert(1)
2,3,5,10,7,2147483647,1
$> tuple.min()
1
$> tuple.max()
2147483647
