$> new NaturalNumberTuple(new int[] {1,2,3,4,5})
1,2,3,4,5
$> new NaturalNumberTuple(new int[] {1})
1
$> new NaturalNumberTuple(new int[] {})

