0:Task1(5),Waiting:empty
1:Task1(4),Waiting:empty
2:Task1(3),Waiting:empty
3:Task1(2),Waiting:Task2(4)
4:Task1(1),Waiting:Task2(4)
5:Task2(4),Waiting:Task3(3)
6:Task2(3),Waiting:Task3(3),Task4(5)
7:Task2(2),Waiting:Task3(3),Task4(5)
8:Task2(1),Waiting:Task3(3),Task4(5)
9:Task3(3),Waiting:Task4(5)
10:Task3(2),Waiting:Task4(5)
11:Task3(1),Waiting:Task4(5)
12:Task4(5),Waiting:empty
13:Task4(4),Waiting:empty
14:Task4(3),Waiting:empty
15:Task4(2),Waiting:empty
16:Task4(1),Waiting:empty