$> tuple = new NaturalNumberTuple(new int[] {})
$> tuple = tuple.insert(1)
1
$> tuple = tuple.insert(2)
1,2
$> tuple = tuple.insert(3)
1,2,3
$> tuple = tuple.insert(4)
1,2,3,4
$> tuple = tuple.insert(5)
1,2,3,4,5
$> tuple = tuple.insert(0)
1,2,3,4,5
$> tuple = tuple.insert(-1)
1,2,3,4,5