$> tuple = new NaturalNumberTuple(new int[] {1,2,3,2,4,2,5,5})
$> tuple.countNumbers(1)
1
$> tuple.countNumbers(2)
3
$> tuple.countNumbers(3)
1
$> tuple.countNumbers(4)
1
$> tuple.countNumbers(5)
2
$> tuple.countNumbers(6)
0
$> tuple.countNumbers(0)
0
$> tuple.countNumbers(-1)
0
$> new NaturalNumberTuple(new int[] {}).countNumbers(1)
0