$> tuple = new NaturalNumberTuple(new int[] {1,2,3,4,5,5})
$> tuple = tuple.swap(4, 5)
1,2,3,4,5,5
$> tuple = tuple.swap(0, 4)
5,2,3,4,1,5
$> tuple = tuple.swap(1, 3)
5,4,3,2,1,5
$> tuple = tuple.swap(2, 2)
5,4,3,2,1,5
$> tuple = tuple.swap(-1, 0)
5,4,3,2,1,5
$> tuple = tuple.swap(0, -1)
5,4,3,2,1,5
$> tuple = tuple.swap(6, 0)
5,4,3,2,1,5
$> tuple = tuple.swap(0, 6)
5,4,3,2,1,5
$> tuple = tuple.swap(-1, 6)
5,4,3,2,1,5