$> new NaturalNumberTuple(new int[] {1,2,3,4,5}).toSet()
1,2,3,4,5
$> new NaturalNumberTuple(new int[] {1,2,3,4,5,5}).toSet()
1,2,3,4,5
$> new NaturalNumberTuple(new int[] {1,1,1,1,1}).toSet()
1
$> new NaturalNumberTuple(new int[] {5,4,3,2,1}).toSet()
1,2,3,4,5
$> new NaturalNumberTuple(new int[] {5,4,3,5,2,1}).toSet()
1,2,3,4,5
$> new NaturalNumberTuple(new int[] {5,4,2,3,9,2,1,5,6,6}).toSet()
1,2,3,4,5,6,9
$> new NaturalNumberTuple(new int[] {}).toSet()

