0:Task1(5),Waiting:empty
1:Task1(4),Waiting:empty
2:Task1(3),Waiting:empty
3:Task1(2),Waiting:Task2(4)
4:Task1(1),Waiting:Task2(4)
5:Task2(4),Waiting:Task3(9)
6:Task2(3),Waiting:Task3(9),Task4(25)
7:Task2(2),Waiting:Task3(9),Task4(25)
8:Task2(1),Waiting:Task3(9),Task4(25)
9:Task3(9),Waiting:Task4(25)
10:Task3(8),Waiting:Task4(25)
11:Task3(7),Waiting:Task4(25)
12:Task3(6),Waiting:Task4(25)
13:Task3(5),Waiting:Task4(25)
14:Task4(25),Waiting:Task3(4)
15:Task4(24),Waiting:Task3(4)
16:Task4(23),Waiting:Task3(4)
17:Task4(22),Waiting:Task3(4)
18:Task4(21),Waiting:Task3(4)
19:Task3(4),Waiting:Task4(20)
20:Task3(3),Waiting:Task4(20)
21:Task3(2),Waiting:Task4(20)
22:Task3(1),Waiting:Task4(20)
23:Task4(20),Waiting:empty
24:Task4(19),Waiting:empty
25:Task4(18),Waiting:empty
26:Task4(17),Waiting:empty
27:Task4(16),Waiting:empty
28:Task4(15),Waiting:empty
29:Task4(14),Waiting:empty
30:Task4(13),Waiting:empty
31:Task4(12),Waiting:empty
32:Task4(11),Waiting:empty
33:Task4(10),Waiting:empty
34:Task4(9),Waiting:empty
35:Task4(8),Waiting:empty
36:Task4(7),Waiting:empty
37:Task4(6),Waiting:empty
38:Task4(5),Waiting:empty
39:Task4(4),Waiting:empty
40:Task4(3),Waiting:empty
41:Task4(2),Waiting:empty
42:Task4(1),Waiting:empty