0:Task1(5),Waiting:empty
1:Task1(4),Waiting:empty
2:Task1(3),Waiting:empty
3:Task2(4),Waiting:Task1(2)
4:Task1(2),Waiting:Task2(3)
5:Task2(3),Waiting:Task3(9),Task1(1)
6:Task3(9),Waiting:Task1(1),Task4(25),Task2(2)
7:Task1(1),Waiting:Task4(25),Task2(2),Task3(8)
8:Task4(25),Waiting:Task2(2),Task3(8)
9:Task2(2),Waiting:Task3(8),Task4(24)
10:Task3(8),Waiting:Task4(24),Task2(1)
11:Task4(24),Waiting:Task2(1),Task3(7)
12:Task2(1),Waiting:Task3(7),Task4(23)
13:Task3(7),Waiting:Task4(23)
14:Task4(23),Waiting:Task3(6)
15:Task3(6),Waiting:Task4(22)
16:Task4(22),Waiting:Task3(5)
17:Task3(5),Waiting:Task4(21)
18:Task4(21),Waiting:Task3(4)
19:Task3(4),Waiting:Task4(20)
20:Task4(20),Waiting:Task3(3)
21:Task3(3),Waiting:Task4(19)
22:Task4(19),Waiting:Task3(2)
23:Task3(2),Waiting:Task4(18)
24:Task4(18),Waiting:Task3(1)
25:Task3(1),Waiting:Task4(17)
26:Task4(17),Waiting:empty
27:Task4(16),Waiting:empty
28:Task4(15),Waiting:empty
29:Task4(14),Waiting:empty
30:Task4(13),Waiting:empty
31:Task4(12),Waiting:empty
32:Task4(11),Waiting:empty
33:Task4(10),Waiting:empty
34:Task4(9),Waiting:empty
35:Task4(8),Waiting:empty
36:Task4(7),Waiting:empty
37:Task4(6),Waiting:empty
38:Task4(5),Waiting:empty
39:Task4(4),Waiting:empty
40:Task4(3),Waiting:empty
41:Task4(2),Waiting:empty
42:Task4(1),Waiting:empty