0:Task1(25),Waiting:empty
1:Task1(24),Waiting:empty
2:Task1(23),Waiting:empty
3:Task1(22),Waiting:Task2(16)
4:Task1(21),Waiting:Task2(16)
5:Task1(20),Waiting:Task2(16),Task3(9)
6:Task1(19),Waiting:Task2(16),Task3(9),Task4(25)
7:Task1(18),Waiting:Task2(16),Task3(9),Task4(25)
8:Task1(17),Waiting:Task2(16),Task3(9),Task4(25)
9:Task1(16),Waiting:Task2(16),Task3(9),Task4(25)
10:Task1(15),Waiting:Task2(16),Task3(9),Task4(25)
11:Task1(14),Waiting:Task2(16),Task3(9),Task4(25)
12:Task1(13),Waiting:Task2(16),Task3(9),Task4(25)
13:Task1(12),Waiting:Task2(16),Task3(9),Task4(25)
14:Task1(11),Waiting:Task2(16),Task3(9),Task4(25)
15:Task1(10),Waiting:Task2(16),Task3(9),Task4(25)
16:Task1(9),Waiting:Task2(16),Task3(9),Task4(25)
17:Task1(8),Waiting:Task2(16),Task3(9),Task4(25)
18:Task1(7),Waiting:Task2(16),Task3(9),Task4(25)
19:Task1(6),Waiting:Task2(16),Task3(9),Task4(25)
20:Task1(5),Waiting:Task2(16),Task3(9),Task4(25)
21:Task1(4),Waiting:Task2(16),Task3(9),Task4(25)
22:Task1(3),Waiting:Task2(16),Task3(9),Task4(25)
23:Task1(2),Waiting:Task2(16),Task3(9),Task4(25)
24:Task1(1),Waiting:Task2(16),Task3(9),Task4(25)
25:Task2(16),Waiting:Task3(9),Task4(25)
26:Task2(15),Waiting:Task3(9),Task4(25)
27:Task2(14),Waiting:Task3(9),Task4(25)
28:Task2(13),Waiting:Task3(9),Task4(25)
29:Task2(12),Waiting:Task3(9),Task4(25)
30:Task2(11),Waiting:Task3(9),Task4(25)
31:Task2(10),Waiting:Task3(9),Task4(25)
32:Task2(9),Waiting:Task3(9),Task4(25)
33:Task2(8),Waiting:Task3(9),Task4(25)
34:Task2(7),Waiting:Task3(9),Task4(25)
35:Task2(6),Waiting:Task3(9),Task4(25)
36:Task2(5),Waiting:Task3(9),Task4(25)
37:Task2(4),Waiting:Task3(9),Task4(25)
38:Task2(3),Waiting:Task3(9),Task4(25)
39:Task2(2),Waiting:Task3(9),Task4(25)
40:Task2(1),Waiting:Task3(9),Task4(25)
41:Task3(9),Waiting:Task4(25)
42:Task3(8),Waiting:Task4(25)
43:Task3(7),Waiting:Task4(25)
44:Task3(6),Waiting:Task4(25)
45:Task3(5),Waiting:Task4(25)
46:Task3(4),Waiting:Task4(25)
47:Task3(3),Waiting:Task4(25)
48:Task3(2),Waiting:Task4(25)
49:Task3(1),Waiting:Task4(25)
50:Task4(25),Waiting:empty
51:Task4(24),Waiting:empty
52:Task4(23),Waiting:empty
53:Task4(22),Waiting:empty
54:Task4(21),Waiting:empty
55:Task4(20),Waiting:empty
56:Task4(19),Waiting:empty
57:Task4(18),Waiting:empty
58:Task4(17),Waiting:empty
59:Task4(16),Waiting:empty
60:Task4(15),Waiting:empty
61:Task4(14),Waiting:empty
62:Task4(13),Waiting:empty
63:Task4(12),Waiting:empty
64:Task4(11),Waiting:empty
65:Task4(10),Waiting:empty
66:Task4(9),Waiting:empty
67:Task4(8),Waiting:empty
68:Task4(7),Waiting:empty
69:Task4(6),Waiting:empty
70:Task4(5),Waiting:empty
71:Task4(4),Waiting:empty
72:Task4(3),Waiting:empty
73:Task4(2),Waiting:empty
74:Task4(1),Waiting:empty