0:Task1(5),Waiting:empty
1:Task1(4),Waiting:empty
2:Task1(3),Waiting:empty
3:Task1(2),Waiting:empty
4:Task1(1),Waiting:empty
5:Task3(3),Waiting:empty
6:Task3(2),Waiting:Task4(5)
7:Task3(1),Waiting:Task4(5)
8:Task4(5),Waiting:empty
9:Task4(4),Waiting:empty
10:Task4(3),Waiting:empty
11:Task4(2),Waiting:empty
12:Task4(1),Waiting:empty